Archive member included to satisfy reference by file (symbol)

modules/i2c_lowlevel/libi2c_lowlevel.a(i2c_lowlevel.c.obj)
                              CMakeFiles/stm32-min.elf.dir/modules/main.c.obj (i2c1_pins_init)
modules/ens160/libens160.a(ens160.c.obj)
                              CMakeFiles/stm32-min.elf.dir/modules/main.c.obj (ens160_init)
modules/uart2/libuart2.a(uart2.c.obj)
                              CMakeFiles/stm32-min.elf.dir/modules/main.c.obj (uart2_init)
/Users/wangjialong/Library/xPacks/@xpack-dev-tools/arm-none-eabi-gcc/14.2.1-1.1.1/.content/bin/../lib/gcc/arm-none-eabi/14.2.1/../../../../arm-none-eabi/lib/thumb/v7e-m+fp/softfp/libc_nano.a(libc_a-setvbuf.o)
                              CMakeFiles/stm32-min.elf.dir/modules/main.c.obj (setvbuf)
/Users/wangjialong/Library/xPacks/@xpack-dev-tools/arm-none-eabi-gcc/14.2.1-1.1.1/.content/bin/../lib/gcc/arm-none-eabi/14.2.1/../../../../arm-none-eabi/lib/thumb/v7e-m+fp/softfp/libc_nano.a(libc_a-findfp.o)
                              /Users/wangjialong/Library/xPacks/@xpack-dev-tools/arm-none-eabi-gcc/14.2.1-1.1.1/.content/bin/../lib/gcc/arm-none-eabi/14.2.1/../../../../arm-none-eabi/lib/thumb/v7e-m+fp/softfp/libc_nano.a(libc_a-setvbuf.o) (__sinit)
/Users/wangjialong/Library/xPacks/@xpack-dev-tools/arm-none-eabi-gcc/14.2.1-1.1.1/.content/bin/../lib/gcc/arm-none-eabi/14.2.1/../../../../arm-none-eabi/lib/thumb/v7e-m+fp/softfp/libc_nano.a(libc_a-fwalk.o)
                              /Users/wangjialong/Library/xPacks/@xpack-dev-tools/arm-none-eabi-gcc/14.2.1-1.1.1/.content/bin/../lib/gcc/arm-none-eabi/14.2.1/../../../../arm-none-eabi/lib/thumb/v7e-m+fp/softfp/libc_nano.a(libc_a-findfp.o) (_fwalk_sglue)
/Users/wangjialong/Library/xPacks/@xpack-dev-tools/arm-none-eabi-gcc/14.2.1-1.1.1/.content/bin/../lib/gcc/arm-none-eabi/14.2.1/../../../../arm-none-eabi/lib/thumb/v7e-m+fp/softfp/libc_nano.a(libc_a-makebuf.o)
                              /Users/wangjialong/Library/xPacks/@xpack-dev-tools/arm-none-eabi-gcc/14.2.1-1.1.1/.content/bin/../lib/gcc/arm-none-eabi/14.2.1/../../../../arm-none-eabi/lib/thumb/v7e-m+fp/softfp/libc_nano.a(libc_a-setvbuf.o) (__swhatbuf_r)
/Users/wangjialong/Library/xPacks/@xpack-dev-tools/arm-none-eabi-gcc/14.2.1-1.1.1/.content/bin/../lib/gcc/arm-none-eabi/14.2.1/../../../../arm-none-eabi/lib/thumb/v7e-m+fp/softfp/libc_nano.a(libc_a-printf.o)
                              CMakeFiles/stm32-min.elf.dir/modules/main.c.obj (printf)
/Users/wangjialong/Library/xPacks/@xpack-dev-tools/arm-none-eabi-gcc/14.2.1-1.1.1/.content/bin/../lib/gcc/arm-none-eabi/14.2.1/../../../../arm-none-eabi/lib/thumb/v7e-m+fp/softfp/libc_nano.a(libc_a-puts.o)
                              CMakeFiles/stm32-min.elf.dir/modules/main.c.obj (puts)
/Users/wangjialong/Library/xPacks/@xpack-dev-tools/arm-none-eabi-gcc/14.2.1-1.1.1/.content/bin/../lib/gcc/arm-none-eabi/14.2.1/../../../../arm-none-eabi/lib/thumb/v7e-m+fp/softfp/libc_nano.a(libc_a-memset.o)
                              /Users/wangjialong/Library/xPacks/@xpack-dev-tools/arm-none-eabi-gcc/14.2.1-1.1.1/.content/bin/../lib/gcc/arm-none-eabi/14.2.1/../../../../arm-none-eabi/lib/thumb/v7e-m+fp/softfp/libc_nano.a(libc_a-findfp.o) (memset)
/Users/wangjialong/Library/xPacks/@xpack-dev-tools/arm-none-eabi-gcc/14.2.1-1.1.1/.content/bin/../lib/gcc/arm-none-eabi/14.2.1/../../../../arm-none-eabi/lib/thumb/v7e-m+fp/softfp/libc_nano.a(libc_a-isattyr.o)
                              /Users/wangjialong/Library/xPacks/@xpack-dev-tools/arm-none-eabi-gcc/14.2.1-1.1.1/.content/bin/../lib/gcc/arm-none-eabi/14.2.1/../../../../arm-none-eabi/lib/thumb/v7e-m+fp/softfp/libc_nano.a(libc_a-makebuf.o) (_isatty_r)
/Users/wangjialong/Library/xPacks/@xpack-dev-tools/arm-none-eabi-gcc/14.2.1-1.1.1/.content/bin/../lib/gcc/arm-none-eabi/14.2.1/../../../../arm-none-eabi/lib/thumb/v7e-m+fp/softfp/libc_nano.a(libc_a-errno.o)
                              CMakeFiles/stm32-min.elf.dir/modules/system_stub.c.obj (__errno)
/Users/wangjialong/Library/xPacks/@xpack-dev-tools/arm-none-eabi-gcc/14.2.1-1.1.1/.content/bin/../lib/gcc/arm-none-eabi/14.2.1/../../../../arm-none-eabi/lib/thumb/v7e-m+fp/softfp/libc_nano.a(libc_a-lock.o)
                              /Users/wangjialong/Library/xPacks/@xpack-dev-tools/arm-none-eabi-gcc/14.2.1-1.1.1/.content/bin/../lib/gcc/arm-none-eabi/14.2.1/../../../../arm-none-eabi/lib/thumb/v7e-m+fp/softfp/libc_nano.a(libc_a-findfp.o) (__retarget_lock_init_recursive)
/Users/wangjialong/Library/xPacks/@xpack-dev-tools/arm-none-eabi-gcc/14.2.1-1.1.1/.content/bin/../lib/gcc/arm-none-eabi/14.2.1/../../../../arm-none-eabi/lib/thumb/v7e-m+fp/softfp/libc_nano.a(libc_a-reent.o)
                              /Users/wangjialong/Library/xPacks/@xpack-dev-tools/arm-none-eabi-gcc/14.2.1-1.1.1/.content/bin/../lib/gcc/arm-none-eabi/14.2.1/../../../../arm-none-eabi/lib/thumb/v7e-m+fp/softfp/libc_nano.a(libc_a-isattyr.o) (errno)
[...]
Memory Configuration

Name             Origin             Length             Attributes
FLASH            0x08000000         0x00080000         xr
RAM              0x20000000         0x00020000         xrw
*default*        0x00000000         0xffffffff

Linker script and memory map

LOAD CMakeFiles/stm32-min.elf.dir/modules/main.c.obj
LOAD CMakeFiles/stm32-min.elf.dir/modules/system_stub.c.obj
LOAD CMakeFiles/stm32-min.elf.dir/modules/retarget.c.obj
LOAD CMakeFiles/stm32-min.elf.dir/modules/system_init.c.obj
LOAD CMakeFiles/stm32-min.elf.dir/startup/startup_stm32f446xx.s.obj
LOAD modules/i2c_lowlevel/libi2c_lowlevel.a
LOAD modules/ens160/libens160.a
LOAD modules/uart2/libuart2.a
LOAD modules/i2c_lowlevel/libi2c_lowlevel.a
START GROUP
LOAD /Users/wangjialong/Library/xPacks/@xpack-dev-tools/arm-none-eabi-gcc/14.2.1-1.1.1/.content/bin/../lib/gcc/arm-none-eabi/14.2.1/thumb/v7e-m+fp/softfp/libgcc.a
LOAD /Users/wangjialong/Library/xPacks/@xpack-dev-tools/arm-none-eabi-gcc/14.2.1-1.1.1/.content/bin/../lib/gcc/arm-none-eabi/14.2.1/../../../../arm-none-eabi/lib/thumb/v7e-m+fp/softfp/libc_nano.a
END GROUP
START GROUP
LOAD /Users/wangjialong/Library/xPacks/@xpack-dev-tools/arm-none-eabi-gcc/14.2.1-1.1.1/.content/bin/../lib/gcc/arm-none-eabi/14.2.1/thumb/v7e-m+fp/softfp/libgcc.a
LOAD /Users/wangjialong/Library/xPacks/@xpack-dev-tools/arm-none-eabi-gcc/14.2.1-1.1.1/.content/bin/../lib/gcc/arm-none-eabi/14.2.1/../../../../arm-none-eabi/lib/thumb/v7e-m+fp/softfp/libc_nano.a
LOAD /Users/wangjialong/Library/xPacks/@xpack-dev-tools/arm-none-eabi-gcc/14.2.1-1.1.1/.content/bin/../lib/gcc/arm-none-eabi/14.2.1/../../../../arm-none-eabi/lib/thumb/v7e-m+fp/softfp/libnosys.a
END GROUP
START GROUP
LOAD /Users/wangjialong/Library/xPacks/@xpack-dev-tools/arm-none-eabi-gcc/14.2.1-1.1.1/.content/bin/../lib/gcc/arm-none-eabi/14.2.1/thumb/v7e-m+fp/softfp/libgcc.a
LOAD /Users/wangjialong/Library/xPacks/@xpack-dev-tools/arm-none-eabi-gcc/14.2.1-1.1.1/.content/bin/../lib/gcc/arm-none-eabi/14.2.1/../../../../arm-none-eabi/lib/thumb/v7e-m+fp/softfp/libc_nano.a
LOAD /Users/wangjialong/Library/xPacks/@xpack-dev-tools/arm-none-eabi-gcc/14.2.1-1.1.1/.content/bin/../lib/gcc/arm-none-eabi/14.2.1/../../../../arm-none-eabi/lib/thumb/v7e-m+fp/softfp/libnosys.a
END GROUP
                0x20020000                        _estack = (ORIGIN (RAM) + LENGTH (RAM))
                0x00000000                        _Min_Heap_Size = 0x0
                0x00000800                        _Min_Stack_Size = 0x800

.isr_vector     0x08000000      0x188
                0x08000000                        . = ALIGN (0x4)
 *(.isr_vector)
 .isr_vector    0x08000000      0x188 CMakeFiles/stm32-min.elf.dir/startup/startup_stm32f446xx.s.obj
                0x08000000                g_pfnVectors
                0x08000188                        . = ALIGN (0x4)

.text           0x08000190     0x1920
                0x08000190                        . = ALIGN (0x4)
 *(.text*)
 .text.startup.main
                0x08000190       0xcc CMakeFiles/stm32-min.elf.dir/modules/main.c.obj
                0x08000190                main
 .text._sbrk    0x0800025c       0x1c CMakeFiles/stm32-min.elf.dir/modules/system_stub.c.obj
                0x0800025c                _sbrk
 .text._close   0x08000278       0x10 CMakeFiles/stm32-min.elf.dir/modules/system_stub.c.obj
                0x08000278                _close
 .text._fstat   0x08000288        0xc CMakeFiles/stm32-min.elf.dir/modules/system_stub.c.obj
                0x08000288                _fstat
 .text._isatty  0x08000294        0x4 CMakeFiles/stm32-min.elf.dir/modules/system_stub.c.obj
                0x08000294                _isatty
 .text._lseek   0x08000298       0x10 CMakeFiles/stm32-min.elf.dir/modules/system_stub.c.obj
                0x08000298                _lseek
 .text._read    0x080002a8       0x10 CMakeFiles/stm32-min.elf.dir/modules/system_stub.c.obj
                0x080002a8                _read
 .text._write   0x080002b8       0x1c CMakeFiles/stm32-min.elf.dir/modules/retarget.c.obj
                0x080002b8                _write
 .text.SystemInit
                0x080002d4        0x4 CMakeFiles/stm32-min.elf.dir/modules/system_init.c.obj
                0x080002d4                SystemInit
 .text          0x080002d8       0x20 CMakeFiles/stm32-min.elf.dir/startup/startup_stm32f446xx.s.obj
                0x080002d8                Reset_Handler
                0x080002e4                NMI_Handler
                0x080002e6                HardFault_Handler
                0x080002e8                MemManage_Handler
                0x080002ea                BusFault_Handler
                0x080002ec                UsageFault_Handler
                0x080002ee                SVC_Handler
                0x080002f0                DebugMon_Handler
                0x080002f2                PendSV_Handler
                0x080002f4                SysTick_Handler
 .text          0x080002f8      0x1a0 modules/i2c_lowlevel/libi2c_lowlevel.a(i2c_lowlevel.c.obj)
                0x080002f8                i2c1_pins_init
                0x080003b8                i2c1_init
                0x08000428                i2c1_write_reg
                0x08000460                i2c1_read_regs
 .text          0x08000498      0x2c4 modules/ens160/libens160.a(ens160.c.obj)
                0x08000498                ens160_init
                0x08000588                ens160_read_aqi
                0x08000624                ens160_read_tvoc
                0x080006c0                ens160_read_eco2
 .text          0x0800075c      0x1c8 modules/uart2/libuart2.a(uart2.c.obj)
                0x0800075c                uart2_init
                0x08000860                uart2_write_byte
                0x080008b4                uart2_write
 .text.setvbuf  0x08000924      0x168 /Users/wangjialong/Library/xPacks/@xpack-dev-tools/arm-none-eabi-gcc/14.2.1-1.1.1/.content/bin/../lib/gcc/arm-none-eabi/14.2.1/../../../../arm-none-eabi/lib/thumb/v7e-m+fp/softfp/libc_nano.a(libc_a-setvbuf.o)
                0x08000924                setvbuf
 .text.std      0x08000a8c       0x6c /Users/wangjialong/Library/xPacks/@xpack-dev-tools/arm-none-eabi-gcc/14.2.1-1.1.1/.content/bin/../lib/gcc/arm-none-eabi/14.2.1/../../../../arm-none-eabi/lib/thumb/v7e-m+fp/softfp/libc_nano.a(libc_a-findfp.o)
 .text.stdio_exit_handler
                0x08000af8       0x18 /Users/wangjialong/Library/xPacks/@xpack-dev-tools/arm-none-eabi-gcc/14.2.1-1.1.1/.content/bin/../lib/gcc/arm-none-eabi/14.2.1/../../../../arm-none-eabi/lib/thumb/v7e-m+fp/softfp/libc_nano.a(libc_a-findfp.o)
 .text.cleanup_stdio
                0x08000b10       0x40 /Users/wangjialong/Library/xPacks/@xpack-dev-tools/arm-none-eabi-gcc/14.2.1-1.1.1/.content/bin/../lib/gcc/arm-none-eabi/14.2.1/../../../../arm-none-eabi/lib/thumb/v7e-m+fp/softfp/libc_nano.a(libc_a-findfp.o)
 .text.global_stdio_init.part.0
                0x08000b50       0x40 /Users/wangjialong/Library/xPacks/@xpack-dev-tools/arm-none-eabi-gcc/14.2.1-1.1.1/.content/bin/../lib/gcc/arm-none-eabi/14.2.1/../../../../arm-none-eabi/lib/thumb/v7e-m+fp/softfp/libc_nano.a(libc_a-findfp.o)
 .text.__sfp_lock_acquire
                0x08000b90        0xc /Users/wangjialong/Library/xPacks/@xpack-dev-tools/arm-none-eabi-gcc/14.2.1-1.1.1/.content/bin/../lib/gcc/arm-none-eabi/14.2.1/../../../../arm-none-eabi/lib/thumb/v7e-m+fp/softfp/libc_nano.a(libc_a-findfp.o)
                0x08000b90                __sfp_lock_acquire
 .text.__sfp_lock_release
                0x08000b9c        0xc /Users/wangjialong/Library/xPacks/@xpack-dev-tools/arm-none-eabi-gcc/14.2.1-1.1.1/.content/bin/../lib/gcc/arm-none-eabi/14.2.1/../../../../arm-none-eabi/lib/thumb/v7e-m+fp/softfp/libc_nano.a(libc_a-findfp.o)
                0x08000b9c                __sfp_lock_release
 .text.__sinit  0x08000ba8       0x30 /Users/wangjialong/Library/xPacks/@xpack-dev-tools/arm-none-eabi-gcc/14.2.1-1.1.1/.content/bin/../lib/gcc/arm-none-eabi/14.2.1/../../../../arm-none-eabi/lib/thumb/v7e-m+fp/softfp/libc_nano.a(libc_a-findfp.o)
                0x08000ba8                __sinit
 .text._fwalk_sglue
                0x08000bd8       0x3c /Users/wangjialong/Library/xPacks/@xpack-dev-tools/arm-none-eabi-gcc/14.2.1-1.1.1/.content/bin/../lib/gcc/arm-none-eabi/14.2.1/../../../../arm-none-eabi/lib/thumb/v7e-m+fp/softfp/libc_nano.a(libc_a-fwalk.o)
                0x08000bd8                _fwalk_sglue
 .text.__swhatbuf_r
                0x08000c14       0x48 /Users/wangjialong/Library/xPacks/@xpack-dev-tools/arm-none-eabi-gcc/14.2.1-1.1.1/.content/bin/../lib/gcc/arm-none-eabi/14.2.1/../../../../arm-none-eabi/lib/thumb/v7e-m+fp/softfp/libc_nano.a(libc_a-makebuf.o)
                0x08000c14                __swhatbuf_r
 .text.__smakebuf_r
                0x08000c5c       0x72 /Users/wangjialong/Library/xPacks/@xpack-dev-tools/arm-none-eabi-gcc/14.2.1-1.1.1/.content/bin/../lib/gcc/arm-none-eabi/14.2.1/../../../../arm-none-eabi/lib/thumb/v7e-m+fp/softfp/libc_nano.a(libc_a-makebuf.o)
                0x08000c5c                __smakebuf_r
 *fill*         0x08000cce        0x2 
 .text.printf   0x08000cd0       0x24 /Users/wangjialong/Library/xPacks/@xpack-dev-tools/arm-none-eabi-gcc/14.2.1-1.1.1/.content/bin/../lib/gcc/arm-none-eabi/14.2.1/../../../../arm-none-eabi/lib/thumb/v7e-m+fp/softfp/libc_nano.a(libc_a-printf.o)
                0x08000cd0                printf
                0x08000cd0                iprintf
 .text._puts_r  0x08000cf4       0xaa /Users/wangjialong/Library/xPacks/@xpack-dev-tools/arm-none-eabi-gcc/14.2.1-1.1.1/.content/bin/../lib/gcc/arm-none-eabi/14.2.1/../../../../arm-none-eabi/lib/thumb/v7e-m+fp/softfp/libc_nano.a(libc_a-puts.o)
                0x08000cf4                _puts_r
 *fill*         0x08000d9e        0x2 
 .text.puts     0x08000da0       0x10 /Users/wangjialong/Library/xPacks/@xpack-dev-tools/arm-none-eabi-gcc/14.2.1-1.1.1/.content/bin/../lib/gcc/arm-none-eabi/14.2.1/../../../../arm-none-eabi/lib/thumb/v7e-m+fp/softfp/libc_nano.a(libc_a-puts.o)
                0x08000da0                puts
 .text.memset   0x08000db0       0x10 /Users/wangjialong/Library/xPacks/@xpack-dev-tools/arm-none-eabi-gcc/14.2.1-1.1.1/.content/bin/../lib/gcc/arm-none-eabi/14.2.1/../../../../arm-none-eabi/lib/thumb/v7e-m+fp/softfp/libc_nano.a(libc_a-memset.o)
                0x08000db0                memset
 .text._isatty_r
                0x08000dc0       0x20 /Users/wangjialong/Library/xPacks/@xpack-dev-tools/arm-none-eabi-gcc/14.2.1-1.1.1/.content/bin/../lib/gcc/arm-none-eabi/14.2.1/../../../../arm-none-eabi/lib/thumb/v7e-m+fp/softfp/libc_nano.a(libc_a-isattyr.o)
                0x08000dc0                _isatty_r
 .text.__errno  0x08000de0        0xc /Users/wangjialong/Library/xPacks/@xpack-dev-tools/arm-none-eabi-gcc/14.2.1-1.1.1/.content/bin/../lib/gcc/arm-none-eabi/14.2.1/../../../../arm-none-eabi/lib/thumb/v7e-m+fp/softfp/libc_nano.a(libc_a-errno.o)
                0x08000de0                __errno
 .text.__retarget_lock_init_recursive
                0x08000dec        0x2 /Users/wangjialong/Library/xPacks/@xpack-dev-tools/arm-none-eabi-gcc/14.2.1-1.1.1/.content/bin/../lib/gcc/arm-none-eabi/14.2.1/../../../../arm-none-eabi/lib/thumb/v7e-m+fp/softfp/libc_nano.a(libc_a-lock.o)
                0x08000dec                __retarget_lock_init_recursive
 .text.__retarget_lock_acquire_recursive
                0x08000dee        0x2 /Users/wangjialong/Library/xPacks/@xpack-dev-tools/arm-none-eabi-gcc/14.2.1-1.1.1/.content/bin/../lib/gcc/arm-none-eabi/14.2.1/../../../../arm-none-eabi/lib/thumb/v7e-m+fp/softfp/libc_nano.a(libc_a-lock.o)
                0x08000dee                __retarget_lock_acquire_recursive
 .text.__retarget_lock_release_recursive
                0x08000df0        0x2 /Users/wangjialong/Library/xPacks/@xpack-dev-tools/arm-none-eabi-gcc/14.2.1-1.1.1/.content/bin/../lib/gcc/arm-none-eabi/14.2.1/../../../../arm-none-eabi/lib/thumb/v7e-m+fp/softfp/libc_nano.a(libc_a-lock.o)
                0x08000df0                __retarget_lock_release_recursive
 *fill*         0x08000df2        0x2 
 .text._fstat_r
                0x08000df4       0x24 /Users/wangjialong/Library/xPacks/@xpack-dev-tools/arm-none-eabi-gcc/14.2.1-1.1.1/.content/bin/../lib/gcc/arm-none-eabi/14.2.1/../../../../arm-none-eabi/lib/thumb/v7e-m+fp/softfp/libc_nano.a(libc_a-fstatr.o)
                0x08000df4                _fstat_r
 .text._free_r  0x08000e18       0x94 /Users/wangjialong/Library/xPacks/@xpack-dev-tools/arm-none-eabi-gcc/14.2.1-1.1.1/.content/bin/../lib/gcc/arm-none-eabi/14.2.1/../../../../arm-none-eabi/lib/thumb/v7e-m+fp/softfp/libc_nano.a(libc_a-freer.o)
                0x08000e18                _free_r
 .text.__sfputc_r
                0x08000eac       0x2e /Users/wangjialong/Library/xPacks/@xpack-dev-tools/arm-none-eabi-gcc/14.2.1-1.1.1/.content/bin/../lib/gcc/arm-none-eabi/14.2.1/../../../../arm-none-eabi/lib/thumb/v7e-m+fp/softfp/libc_nano.a(libc_a-nano-vfprintf.o)
 .text.__sfputs_r
                0x08000eda       0x24 /Users/wangjialong/Library/xPacks/@xpack-dev-tools/arm-none-eabi-gcc/14.2.1-1.1.1/.content/bin/../lib/gcc/arm-none-eabi/14.2.1/../../../../arm-none-eabi/lib/thumb/v7e-m+fp/softfp/libc_nano.a(libc_a-nano-vfprintf.o)
                0x08000eda                __sfputs_r
 *fill*         0x08000efe        0x2 
 .text._vfprintf_r
                0x08000f00      0x230 /Users/wangjialong/Library/xPacks/@xpack-dev-tools/arm-none-eabi-gcc/14.2.1-1.1.1/.content/bin/../lib/gcc/arm-none-eabi/14.2.1/../../../../arm-none-eabi/lib/thumb/v7e-m+fp/softfp/libc_nano.a(libc_a-nano-vfprintf.o)
                0x08000f00                _vfiprintf_r
                0x08000f00                _vfprintf_r
 .text.malloc   0x08001130       0x10 /Users/wangjialong/Library/xPacks/@xpack-dev-tools/arm-none-eabi-gcc/14.2.1-1.1.1/.content/bin/../lib/gcc/arm-none-eabi/14.2.1/../../../../arm-none-eabi/lib/thumb/v7e-m+fp/softfp/libc_nano.a(libc_a-malloc.o)
                0x08001130                malloc
 .text.sbrk_aligned
                0x08001140       0x44 /Users/wangjialong/Library/xPacks/@xpack-dev-tools/arm-none-eabi-gcc/14.2.1-1.1.1/.content/bin/../lib/gcc/arm-none-eabi/14.2.1/../../../../arm-none-eabi/lib/thumb/v7e-m+fp/softfp/libc_nano.a(libc_a-mallocr.o)
 .text._malloc_r
                0x08001184      0x100 /Users/wangjialong/Library/xPacks/@xpack-dev-tools/arm-none-eabi-gcc/14.2.1-1.1.1/.content/bin/../lib/gcc/arm-none-eabi/14.2.1/../../../../arm-none-eabi/lib/thumb/v7e-m+fp/softfp/libc_nano.a(libc_a-mallocr.o)
                0x08001184                _malloc_r
 .text._printf_common
                0x08001284       0xda /Users/wangjialong/Library/xPacks/@xpack-dev-tools/arm-none-eabi-gcc/14.2.1-1.1.1/.content/bin/../lib/gcc/arm-none-eabi/14.2.1/../../../../arm-none-eabi/lib/thumb/v7e-m+fp/softfp/libc_nano.a(libc_a-nano-vfprintf_i.o)
                0x08001284                _printf_common
 *fill*         0x0800135e        0x2 
 .text._printf_i
                0x08001360      0x240 /Users/wangjialong/Library/xPacks/@xpack-dev-tools/arm-none-eabi-gcc/14.2.1-1.1.1/.content/bin/../lib/gcc/arm-none-eabi/14.2.1/../../../../arm-none-eabi/lib/thumb/v7e-m+fp/softfp/libc_nano.a(libc_a-nano-vfprintf_i.o)
                0x08001360                _printf_i
 .text.__sflush_r
                0x080015a0      0x104 /Users/wangjialong/Library/xPacks/@xpack-dev-tools/arm-none-eabi-gcc/14.2.1-1.1.1/.content/bin/../lib/gcc/arm-none-eabi/14.2.1/../../../../arm-none-eabi/lib/thumb/v7e-m+fp/softfp/libc_nano.a(libc_a-fflush.o)
                0x080015a0                __sflush_r
 .text._fflush_r
                0x080016a4       0x50 /Users/wangjialong/Library/xPacks/@xpack-dev-tools/arm-none-eabi-gcc/14.2.1-1.1.1/.content/bin/../lib/gcc/arm-none-eabi/14.2.1/../../../../arm-none-eabi/lib/thumb/v7e-m+fp/softfp/libc_nano.a(libc_a-fflush.o)
                0x080016a4                _fflush_r
 .text.__malloc_lock
                0x080016f4        0xc /Users/wangjialong/Library/xPacks/@xpack-dev-tools/arm-none-eabi-gcc/14.2.1-1.1.1/.content/bin/../lib/gcc/arm-none-eabi/14.2.1/../../../../arm-none-eabi/lib/thumb/v7e-m+fp/softfp/libc_nano.a(libc_a-mlock.o)
                0x080016f4                __malloc_lock
 .text.__malloc_unlock
                0x08001700        0xc /Users/wangjialong/Library/xPacks/@xpack-dev-tools/arm-none-eabi-gcc/14.2.1-1.1.1/.content/bin/../lib/gcc/arm-none-eabi/14.2.1/../../../../arm-none-eabi/lib/thumb/v7e-m+fp/softfp/libc_nano.a(libc_a-mlock.o)
                0x08001700                __malloc_unlock
 .text.__sread  0x0800170c       0x22 /Users/wangjialong/Library/xPacks/@xpack-dev-tools/arm-none-eabi-gcc/14.2.1-1.1.1/.content/bin/../lib/gcc/arm-none-eabi/14.2.1/../../../../arm-none-eabi/lib/thumb/v7e-m+fp/softfp/libc_nano.a(libc_a-stdio.o)
                0x0800170c                __sread
 .text.__swrite
                0x0800172e       0x38 /Users/wangjialong/Library/xPacks/@xpack-dev-tools/arm-none-eabi-gcc/14.2.1-1.1.1/.content/bin/../lib/gcc/arm-none-eabi/14.2.1/../../../../arm-none-eabi/lib/thumb/v7e-m+fp/softfp/libc_nano.a(libc_a-stdio.o)
                0x0800172e                __swrite
 .text.__sseek  0x08001766       0x26 /Users/wangjialong/Library/xPacks/@xpack-dev-tools/arm-none-eabi-gcc/14.2.1-1.1.1/.content/bin/../lib/gcc/arm-none-eabi/14.2.1/../../../../arm-none-eabi/lib/thumb/v7e-m+fp/softfp/libc_nano.a(libc_a-stdio.o)
                0x08001766                __sseek
 .text.__sclose
                0x0800178c        0x8 /Users/wangjialong/Library/xPacks/@xpack-dev-tools/arm-none-eabi-gcc/14.2.1-1.1.1/.content/bin/../lib/gcc/arm-none-eabi/14.2.1/../../../../arm-none-eabi/lib/thumb/v7e-m+fp/softfp/libc_nano.a(libc_a-stdio.o)
                0x0800178c                __sclose
 .text.__swbuf_r
                0x08001794       0x7c /Users/wangjialong/Library/xPacks/@xpack-dev-tools/arm-none-eabi-gcc/14.2.1-1.1.1/.content/bin/../lib/gcc/arm-none-eabi/14.2.1/../../../../arm-none-eabi/lib/thumb/v7e-m+fp/softfp/libc_nano.a(libc_a-wbuf.o)
                0x08001794                __swbuf_r
 .text.__swsetup_r
                0x08001810       0xa8 /Users/wangjialong/Library/xPacks/@xpack-dev-tools/arm-none-eabi-gcc/14.2.1-1.1.1/.content/bin/../lib/gcc/arm-none-eabi/14.2.1/../../../../arm-none-eabi/lib/thumb/v7e-m+fp/softfp/libc_nano.a(libc_a-wsetup.o)
                0x08001810                __swsetup_r
 .text._lseek_r
                0x080018b8       0x24 /Users/wangjialong/Library/xPacks/@xpack-dev-tools/arm-none-eabi-gcc/14.2.1-1.1.1/.content/bin/../lib/gcc/arm-none-eabi/14.2.1/../../../../arm-none-eabi/lib/thumb/v7e-m+fp/softfp/libc_nano.a(libc_a-lseekr.o)
                0x080018b8                _lseek_r
 .text._read_r  0x080018dc       0x24 /Users/wangjialong/Library/xPacks/@xpack-dev-tools/arm-none-eabi-gcc/14.2.1-1.1.1/.content/bin/../lib/gcc/arm-none-eabi/14.2.1/../../../../arm-none-eabi/lib/thumb/v7e-m+fp/softfp/libc_nano.a(libc_a-readr.o)
                0x080018dc                _read_r
 .text._sbrk_r  0x08001900       0x20 /Users/wangjialong/Library/xPacks/@xpack-dev-tools/arm-none-eabi-gcc/14.2.1-1.1.1/.content/bin/../lib/gcc/arm-none-eabi/14.2.1/../../../../arm-none-eabi/lib/thumb/v7e-m+fp/softfp/libc_nano.a(libc_a-sbrkr.o)
                0x08001900                _sbrk_r
 .text._write_r
                0x08001920       0x24 /Users/wangjialong/Library/xPacks/@xpack-dev-tools/arm-none-eabi-gcc/14.2.1-1.1.1/.content/bin/../lib/gcc/arm-none-eabi/14.2.1/../../../../arm-none-eabi/lib/thumb/v7e-m+fp/softfp/libc_nano.a(libc_a-writer.o)
                0x08001920                _write_r
 .text._close_r
                0x08001944       0x20 /Users/wangjialong/Library/xPacks/@xpack-dev-tools/arm-none-eabi-gcc/14.2.1-1.1.1/.content/bin/../lib/gcc/arm-none-eabi/14.2.1/../../../../arm-none-eabi/lib/thumb/v7e-m+fp/softfp/libc_nano.a(libc_a-closer.o)
                0x08001944                _close_r
 *fill*         0x08001964        0xc 
 .text          0x08001970       0xa0 /Users/wangjialong/Library/xPacks/@xpack-dev-tools/arm-none-eabi-gcc/14.2.1-1.1.1/.content/bin/../lib/gcc/arm-none-eabi/14.2.1/../../../../arm-none-eabi/lib/thumb/v7e-m+fp/softfp/libc_nano.a(libc_a-memchr.o)
                0x08001970                memchr
 *(.rodata*)
 .rodata.main.str1.4
                0x08001a10       0x62 CMakeFiles/stm32-min.elf.dir/modules/main.c.obj
                                 0x5e (size before relaxing)
 .rodata._vfprintf_r.str1.1
                0x08001a72       0x33 /Users/wangjialong/Library/xPacks/@xpack-dev-tools/arm-none-eabi-gcc/14.2.1-1.1.1/.content/bin/../lib/gcc/arm-none-eabi/14.2.1/../../../../arm-none-eabi/lib/thumb/v7e-m+fp/softfp/libc_nano.a(libc_a-nano-vfprintf.o)
                                 0x11 (size before relaxing)
 .rodata._printf_i.str1.1
                0x08001aa5       0x22 /Users/wangjialong/Library/xPacks/@xpack-dev-tools/arm-none-eabi-gcc/14.2.1-1.1.1/.content/bin/../lib/gcc/arm-none-eabi/14.2.1/../../../../arm-none-eabi/lib/thumb/v7e-m+fp/softfp/libc_nano.a(libc_a-nano-vfprintf_i.o)
                0x08001ac8                        . = ALIGN (0x4)
 *fill*         0x08001aa5        0x3 
 *(.ARM.extab* .gnu.linkonce.armextab.*)
 .ARM.extab     0x08001aa8        0x0 /Users/wangjialong/Library/xPacks/@xpack-dev-tools/arm-none-eabi-gcc/14.2.1-1.1.1/.content/bin/../lib/gcc/arm-none-eabi/14.2.1/../../../../arm-none-eabi/lib/thumb/v7e-m+fp/softfp/libc_nano.a(libc_a-memchr.o)
                0x08001aa8                        . = ALIGN (0x4)
                0x08001aa8                        __exidx_start = .
 *(.ARM.exidx* .gnu.linkonce.armexidx.*)
 .ARM.exidx     0x08001aa8        0x8 /Users/wangjialong/Library/xPacks/@xpack-dev-tools/arm-none-eabi-gcc/14.2.1-1.1.1/.content/bin/../lib/gcc/arm-none-eabi/14.2.1/../../../../arm-none-eabi/lib/thumb/v7e-m+fp/softfp/libc_nano.a(libc_a-memchr.o)
                0x08001ab0                        __exidx_end = .
                0x08001ab0                        . = ALIGN (0x4)
                0x08001ab0                        _etext = .

.glue_7         0x08001ab0        0x0
 .glue_7        0x08001ab0        0x0 linker stubs

.glue_7t        0x08001ab0        0x0
 .glue_7t       0x08001ab0        0x0 linker stubs

.vfp11_veneer   0x08001ab0        0x0
 .vfp11_veneer  0x08001ab0        0x0 linker stubs

.v4_bx          0x08001ab0        0x0
 .v4_bx         0x08001ab0        0x0 linker stubs

.iplt           0x08001ab0        0x0
 .iplt          0x08001ab0        0x0 CMakeFiles/stm32-min.elf.dir/modules/main.c.obj

.rel.dyn        0x08001ab0        0x0
 .rel.iplt      0x08001ab0        0x0 CMakeFiles/stm32-min.elf.dir/modules/main.c.obj

.data           0x20000000       0x60 load address 0x08001ab0
                0x20000000                        . = ALIGN (0x4)
                0x20000000                        _sdata = .
 *(.data*)
 .data          0x20000000        0x1 modules/ens160/libens160.a(ens160.c.obj)
 *fill*         0x20000001        0x3 
 .data.__sglue  0x20000004        0xc /Users/wangjialong/Library/xPacks/@xpack-dev-tools/arm-none-eabi-gcc/14.2.1-1.1.1/.content/bin/../lib/gcc/arm-none-eabi/14.2.1/../../../../arm-none-eabi/lib/thumb/v7e-m+fp/softfp/libc_nano.a(libc_a-findfp.o)
                0x20000004                __sglue
 .data._impure_ptr
                0x20000010        0x4 /Users/wangjialong/Library/xPacks/@xpack-dev-tools/arm-none-eabi-gcc/14.2.1-1.1.1/.content/bin/../lib/gcc/arm-none-eabi/14.2.1/../../../../arm-none-eabi/lib/thumb/v7e-m+fp/softfp/libc_nano.a(libc_a-impure.o)
                0x20000010                _impure_ptr
 .data._impure_data
                0x20000014       0x4c /Users/wangjialong/Library/xPacks/@xpack-dev-tools/arm-none-eabi-gcc/14.2.1-1.1.1/.content/bin/../lib/gcc/arm-none-eabi/14.2.1/../../../../arm-none-eabi/lib/thumb/v7e-m+fp/softfp/libc_nano.a(libc_a-impure.o)
                0x20000014                _impure_data
                0x20000060                        . = ALIGN (0x4)
                0x20000060                        _edata = .
                0x08001ab0                        _sidata = LOADADDR (.data)

.igot.plt       0x20000060        0x0 load address 0x08001b10
 .igot.plt      0x20000060        0x0 CMakeFiles/stm32-min.elf.dir/modules/main.c.obj

.bss            0x20000060      0x150 load address 0x08001b10
                0x20000060                        . = ALIGN (0x4)
                0x20000060                        _sbss = .
 *(.bss*)
 .bss.heap_end  0x20000060        0x4 CMakeFiles/stm32-min.elf.dir/modules/system_stub.c.obj
 .bss.__sf      0x20000064      0x138 /Users/wangjialong/Library/xPacks/@xpack-dev-tools/arm-none-eabi-gcc/14.2.1-1.1.1/.content/bin/../lib/gcc/arm-none-eabi/14.2.1/../../../../arm-none-eabi/lib/thumb/v7e-m+fp/softfp/libc_nano.a(libc_a-findfp.o)
                0x20000064                __sf
 .bss.__stdio_exit_handler
                0x2000019c        0x4 /Users/wangjialong/Library/xPacks/@xpack-dev-tools/arm-none-eabi-gcc/14.2.1-1.1.1/.content/bin/../lib/gcc/arm-none-eabi/14.2.1/../../../../arm-none-eabi/lib/thumb/v7e-m+fp/softfp/libc_nano.a(libc_a-findfp.o)
                0x2000019c                __stdio_exit_handler
 .bss.__lock___malloc_recursive_mutex
                0x200001a0        0x1 /Users/wangjialong/Library/xPacks/@xpack-dev-tools/arm-none-eabi-gcc/14.2.1-1.1.1/.content/bin/../lib/gcc/arm-none-eabi/14.2.1/../../../../arm-none-eabi/lib/thumb/v7e-m+fp/softfp/libc_nano.a(libc_a-lock.o)
                0x200001a0                __lock___malloc_recursive_mutex
 .bss.__lock___sfp_recursive_mutex
                0x200001a1        0x1 /Users/wangjialong/Library/xPacks/@xpack-dev-tools/arm-none-eabi-gcc/14.2.1-1.1.1/.content/bin/../lib/gcc/arm-none-eabi/14.2.1/../../../../arm-none-eabi/lib/thumb/v7e-m+fp/softfp/libc_nano.a(libc_a-lock.o)
                0x200001a1                __lock___sfp_recursive_mutex
 *fill*         0x200001a2        0x2 
 .bss.errno     0x200001a4        0x4 /Users/wangjialong/Library/xPacks/@xpack-dev-tools/arm-none-eabi-gcc/14.2.1-1.1.1/.content/bin/../lib/gcc/arm-none-eabi/14.2.1/../../../../arm-none-eabi/lib/thumb/v7e-m+fp/softfp/libc_nano.a(libc_a-reent.o)
                0x200001a4                errno
 .bss.__malloc_sbrk_start
                0x200001a8        0x4 /Users/wangjialong/Library/xPacks/@xpack-dev-tools/arm-none-eabi-gcc/14.2.1-1.1.1/.content/bin/../lib/gcc/arm-none-eabi/14.2.1/../../../../arm-none-eabi/lib/thumb/v7e-m+fp/softfp/libc_nano.a(libc_a-mallocr.o)
                0x200001a8                __malloc_sbrk_start
 .bss.__malloc_free_list
                0x200001ac        0x4 /Users/wangjialong/Library/xPacks/@xpack-dev-tools/arm-none-eabi-gcc/14.2.1-1.1.1/.content/bin/../lib/gcc/arm-none-eabi/14.2.1/../../../../arm-none-eabi/lib/thumb/v7e-m+fp/softfp/libc_nano.a(libc_a-mallocr.o)
                0x200001ac                __malloc_free_list
 *(COMMON)
                0x200001b0                        . = ALIGN (0x4)
                0x200001b0                        _ebss = .

._user_heap_stack
                0x200001b0        0x0
                0x200001b0                        . = ALIGN (0x8)
                0x200001b0                        PROVIDE (_end = .)
                [!provide]                        PROVIDE (end = _end)
                0x00000001                        ASSERT (((_etext + SIZEOF (.data)) <= (ORIGIN (FLASH) + LENGTH (FLASH))), FLASH overflow)
                0x00000001                        ASSERT (((_ebss + _Min_Stack_Size) <= (ORIGIN (RAM) + LENGTH (RAM))), RAM overflow)
OUTPUT(stm32-min.elf elf32-littlearm)
LOAD linker stubs

.debug_info     0x00000000     0x10d4
 .debug_info    0x00000000      0x9f3 CMakeFiles/stm32-min.elf.dir/modules/main.c.obj
 .debug_info    0x000009f3      0x4fc CMakeFiles/stm32-min.elf.dir/modules/system_stub.c.obj
 .debug_info    0x00000eef      0x128 CMakeFiles/stm32-min.elf.dir/modules/retarget.c.obj
 .debug_info    0x00001017       0x7f CMakeFiles/stm32-min.elf.dir/modules/system_init.c.obj
 .debug_info    0x00001096       0x3e CMakeFiles/stm32-min.elf.dir/startup/startup_stm32f446xx.s.obj

.debug_abbrev   0x00000000      0x4e9
 .debug_abbrev  0x00000000      0x240 CMakeFiles/stm32-min.elf.dir/modules/main.c.obj
 .debug_abbrev  0x00000240      0x184 CMakeFiles/stm32-min.elf.dir/modules/system_stub.c.obj
 .debug_abbrev  0x000003c4       0xba CMakeFiles/stm32-min.elf.dir/modules/retarget.c.obj
 .debug_abbrev  0x0000047e       0x43 CMakeFiles/stm32-min.elf.dir/modules/system_init.c.obj
 .debug_abbrev  0x000004c1       0x28 CMakeFiles/stm32-min.elf.dir/startup/startup_stm32f446xx.s.obj

.debug_aranges  0x00000000       0xe0
 .debug_aranges
                0x00000000       0x20 CMakeFiles/stm32-min.elf.dir/modules/main.c.obj
 .debug_aranges
                0x00000020       0x60 CMakeFiles/stm32-min.elf.dir/modules/system_stub.c.obj
 .debug_aranges
                0x00000080       0x20 CMakeFiles/stm32-min.elf.dir/modules/retarget.c.obj
 .debug_aranges
                0x000000a0       0x20 CMakeFiles/stm32-min.elf.dir/modules/system_init.c.obj
 .debug_aranges
                0x000000c0       0x20 CMakeFiles/stm32-min.elf.dir/startup/startup_stm32f446xx.s.obj

.debug_rnglists
                0x00000000       0x7d
 .debug_rnglists
                0x00000000       0x14 CMakeFiles/stm32-min.elf.dir/modules/main.c.obj
 .debug_rnglists
                0x00000014       0x43 CMakeFiles/stm32-min.elf.dir/modules/system_stub.c.obj
 .debug_rnglists
                0x00000057       0x13 CMakeFiles/stm32-min.elf.dir/modules/retarget.c.obj
 .debug_rnglists
                0x0000006a       0x13 CMakeFiles/stm32-min.elf.dir/modules/system_init.c.obj

.debug_line     0x00000000      0xbc8
 .debug_line    0x00000000      0x4c1 CMakeFiles/stm32-min.elf.dir/modules/main.c.obj
 .debug_line    0x000004c1      0x3a2 CMakeFiles/stm32-min.elf.dir/modules/system_stub.c.obj
 .debug_line    0x00000863      0x28f CMakeFiles/stm32-min.elf.dir/modules/retarget.c.obj
 .debug_line    0x00000af2       0x7f CMakeFiles/stm32-min.elf.dir/modules/system_init.c.obj
 .debug_line    0x00000b71       0x57 CMakeFiles/stm32-min.elf.dir/startup/startup_stm32f446xx.s.obj

.debug_str      0x00000000      0x7f4
 .debug_str     0x00000000      0x7f4 CMakeFiles/stm32-min.elf.dir/modules/main.c.obj
                                0x5c8 (size before relaxing)
 .debug_str     0x000007f4      0x38b CMakeFiles/stm32-min.elf.dir/modules/system_stub.c.obj
 .debug_str     0x000007f4      0x1ee CMakeFiles/stm32-min.elf.dir/modules/retarget.c.obj
 .debug_str     0x000007f4      0x1b7 CMakeFiles/stm32-min.elf.dir/modules/system_init.c.obj
 .debug_str     0x000007f4       0xbe CMakeFiles/stm32-min.elf.dir/startup/startup_stm32f446xx.s.obj

.comment        0x00000000       0x38
 .comment       0x00000000       0x38 CMakeFiles/stm32-min.elf.dir/modules/main.c.obj
                                 0x39 (size before relaxing)
 .comment       0x00000038       0x39 CMakeFiles/stm32-min.elf.dir/modules/system_stub.c.obj
 .comment       0x00000038       0x39 CMakeFiles/stm32-min.elf.dir/modules/retarget.c.obj
 .comment       0x00000038       0x39 CMakeFiles/stm32-min.elf.dir/modules/system_init.c.obj
 .comment       0x00000038       0x39 modules/i2c_lowlevel/libi2c_lowlevel.a(i2c_lowlevel.c.obj)
 .comment       0x00000038       0x39 modules/ens160/libens160.a(ens160.c.obj)
 .comment       0x00000038       0x39 modules/uart2/libuart2.a(uart2.c.obj)
 .comment       0x00000038       0x39 /Users/wangjialong/Library/xPacks/@xpack-dev-tools/arm-none-eabi-gcc/14.2.1-1.1.1/.content/bin/../lib/gcc/arm-none-eabi/14.2.1/../../../../arm-none-eabi/lib/thumb/v7e-m+fp/softfp/libc_nano.a(libc_a-setvbuf.o)
 .comment       0x00000038       0x39 /Users/wangjialong/Library/xPacks/@xpack-dev-tools/arm-none-eabi-gcc/14.2.1-1.1.1/.content/bin/../lib/gcc/arm-none-eabi/14.2.1/../../../../arm-none-eabi/lib/thumb/v7e-m+fp/softfp/libc_nano.a(libc_a-findfp.o)
 .comment       0x00000038       0x39 /Users/wangjialong/Library/xPacks/@xpack-dev-tools/arm-none-eabi-gcc/14.2.1-1.1.1/.content/bin/../lib/gcc/arm-none-eabi/14.2.1/../../../../arm-none-eabi/lib/thumb/v7e-m+fp/softfp/libc_nano.a(libc_a-fwalk.o)
 .comment       0x00000038       0x39 /Users/wangjialong/Library/xPacks/@xpack-dev-tools/arm-none-eabi-gcc/14.2.1-1.1.1/.content/bin/../lib/gcc/arm-none-eabi/14.2.1/../../../../arm-none-eabi/lib/thumb/v7e-m+fp/softfp/libc_nano.a(libc_a-makebuf.o)
 .comment       0x00000038       0x39 /Users/wangjialong/Library/xPacks/@xpack-dev-tools/arm-none-eabi-gcc/14.2.1-1.1.1/.content/bin/../lib/gcc/arm-none-eabi/14.2.1/../../../../arm-none-eabi/lib/thumb/v7e-m+fp/softfp/libc_nano.a(libc_a-printf.o)
 .comment       0x00000038       0x39 /Users/wangjialong/Library/xPacks/@xpack-dev-tools/arm-none-eabi-gcc/14.2.1-1.1.1/.content/bin/../lib/gcc/arm-none-eabi/14.2.1/../../../../arm-none-eabi/lib/thumb/v7e-m+fp/softfp/libc_nano.a(libc_a-puts.o)
 .comment       0x00000038       0x39 /Users/wangjialong/Library/xPacks/@xpack-dev-tools/arm-none-eabi-gcc/14.2.1-1.1.1/.content/bin/../lib/gcc/arm-none-eabi/14.2.1/../../../../arm-none-eabi/lib/thumb/v7e-m+fp/softfp/libc_nano.a(libc_a-memset.o)
 .comment       0x00000038       0x39 /Users/wangjialong/Library/xPacks/@xpack-dev-tools/arm-none-eabi-gcc/14.2.1-1.1.1/.content/bin/../lib/gcc/arm-none-eabi/14.2.1/../../../../arm-none-eabi/lib/thumb/v7e-m+fp/softfp/libc_nano.a(libc_a-isattyr.o)
 .comment       0x00000038       0x39 /Users/wangjialong/Library/xPacks/@xpack-dev-tools/arm-none-eabi-gcc/14.2.1-1.1.1/.content/bin/../lib/gcc/arm-none-eabi/14.2.1/../../../../arm-none-eabi/lib/thumb/v7e-m+fp/softfp/libc_nano.a(libc_a-errno.o)
 .comment       0x00000038       0x39 /Users/wangjialong/Library/xPacks/@xpack-dev-tools/arm-none-eabi-gcc/14.2.1-1.1.1/.content/bin/../lib/gcc/arm-none-eabi/14.2.1/../../../../arm-none-eabi/lib/thumb/v7e-m+fp/softfp/libc_nano.a(libc_a-lock.o)
 .comment       0x00000038       0x39 /Users/wangjialong/Library/xPacks/@xpack-dev-tools/arm-none-eabi-gcc/14.2.1-1.1.1/.content/bin/../lib/gcc/arm-none-eabi/14.2.1/../../../../arm-none-eabi/lib/thumb/v7e-m+fp/softfp/libc_nano.a(libc_a-reent.o)
 .comment       0x00000038       0x39 /Users/wangjialong/Library/xPacks/@xpack-dev-tools/arm-none-eabi-gcc/14.2.1-1.1.1/.content/bin/../lib/gcc/arm-none-eabi/14.2.1/../../../../arm-none-eabi/lib/thumb/v7e-m+fp/softfp/libc_nano.a(libc_a-impure.o)
 .comment       0x00000038       0x39 /Users/wangjialong/Library/xPacks/@xpack-dev-tools/arm-none-eabi-gcc/14.2.1-1.1.1/.content/bin/../lib/gcc/arm-none-eabi/14.2.1/../../../../arm-none-eabi/lib/thumb/v7e-m+fp/softfp/libc_nano.a(libc_a-fstatr.o)
 .comment       0x00000038       0x39 /Users/wangjialong/Library/xPacks/@xpack-dev-tools/arm-none-eabi-gcc/14.2.1-1.1.1/.content/bin/../lib/gcc/arm-none-eabi/14.2.1/../../../../arm-none-eabi/lib/thumb/v7e-m+fp/softfp/libc_nano.a(libc_a-freer.o)
 .comment       0x00000038       0x39 /Users/wangjialong/Library/xPacks/@xpack-dev-tools/arm-none-eabi-gcc/14.2.1-1.1.1/.content/bin/../lib/gcc/arm-none-eabi/14.2.1/../../../../arm-none-eabi/lib/thumb/v7e-m+fp/softfp/libc_nano.a(libc_a-nano-vfprintf.o)
 .comment       0x00000038       0x39 /Users/wangjialong/Library/xPacks/@xpack-dev-tools/arm-none-eabi-gcc/14.2.1-1.1.1/.content/bin/../lib/gcc/arm-none-eabi/14.2.1/../../../../arm-none-eabi/lib/thumb/v7e-m+fp/softfp/libc_nano.a(libc_a-malloc.o)
 .comment       0x00000038       0x39 /Users/wangjialong/Library/xPacks/@xpack-dev-tools/arm-none-eabi-gcc/14.2.1-1.1.1/.content/bin/../lib/gcc/arm-none-eabi/14.2.1/../../../../arm-none-eabi/lib/thumb/v7e-m+fp/softfp/libc_nano.a(libc_a-mallocr.o)
 .comment       0x00000038       0x39 /Users/wangjialong/Library/xPacks/@xpack-dev-tools/arm-none-eabi-gcc/14.2.1-1.1.1/.content/bin/../lib/gcc/arm-none-eabi/14.2.1/../../../../arm-none-eabi/lib/thumb/v7e-m+fp/softfp/libc_nano.a(libc_a-nano-vfprintf_i.o)
 .comment       0x00000038       0x39 /Users/wangjialong/Library/xPacks/@xpack-dev-tools/arm-none-eabi-gcc/14.2.1-1.1.1/.content/bin/../lib/gcc/arm-none-eabi/14.2.1/../../../../arm-none-eabi/lib/thumb/v7e-m+fp/softfp/libc_nano.a(libc_a-fflush.o)
 .comment       0x00000038       0x39 /Users/wangjialong/Library/xPacks/@xpack-dev-tools/arm-none-eabi-gcc/14.2.1-1.1.1/.content/bin/../lib/gcc/arm-none-eabi/14.2.1/../../../../arm-none-eabi/lib/thumb/v7e-m+fp/softfp/libc_nano.a(libc_a-mlock.o)
 .comment       0x00000038       0x39 /Users/wangjialong/Library/xPacks/@xpack-dev-tools/arm-none-eabi-gcc/14.2.1-1.1.1/.content/bin/../lib/gcc/arm-none-eabi/14.2.1/../../../../arm-none-eabi/lib/thumb/v7e-m+fp/softfp/libc_nano.a(libc_a-stdio.o)
 .comment       0x00000038       0x39 /Users/wangjialong/Library/xPacks/@xpack-dev-tools/arm-none-eabi-gcc/14.2.1-1.1.1/.content/bin/../lib/gcc/arm-none-eabi/14.2.1/../../../../arm-none-eabi/lib/thumb/v7e-m+fp/softfp/libc_nano.a(libc_a-wbuf.o)
 .comment       0x00000038       0x39 /Users/wangjialong/Library/xPacks/@xpack-dev-tools/arm-none-eabi-gcc/14.2.1-1.1.1/.content/bin/../lib/gcc/arm-none-eabi/14.2.1/../../../../arm-none-eabi/lib/thumb/v7e-m+fp/softfp/libc_nano.a(libc_a-wsetup.o)
 .comment       0x00000038       0x39 /Users/wangjialong/Library/xPacks/@xpack-dev-tools/arm-none-eabi-gcc/14.2.1-1.1.1/.content/bin/../lib/gcc/arm-none-eabi/14.2.1/../../../../arm-none-eabi/lib/thumb/v7e-m+fp/softfp/libc_nano.a(libc_a-lseekr.o)
 .comment       0x00000038       0x39 /Users/wangjialong/Library/xPacks/@xpack-dev-tools/arm-none-eabi-gcc/14.2.1-1.1.1/.content/bin/../lib/gcc/arm-none-eabi/14.2.1/../../../../arm-none-eabi/lib/thumb/v7e-m+fp/softfp/libc_nano.a(libc_a-readr.o)
 .comment       0x00000038       0x39 /Users/wangjialong/Library/xPacks/@xpack-dev-tools/arm-none-eabi-gcc/14.2.1-1.1.1/.content/bin/../lib/gcc/arm-none-eabi/14.2.1/../../../../arm-none-eabi/lib/thumb/v7e-m+fp/softfp/libc_nano.a(libc_a-sbrkr.o)
 .comment       0x00000038       0x39 /Users/wangjialong/Library/xPacks/@xpack-dev-tools/arm-none-eabi-gcc/14.2.1-1.1.1/.content/bin/../lib/gcc/arm-none-eabi/14.2.1/../../../../arm-none-eabi/lib/thumb/v7e-m+fp/softfp/libc_nano.a(libc_a-writer.o)
 .comment       0x00000038       0x39 /Users/wangjialong/Library/xPacks/@xpack-dev-tools/arm-none-eabi-gcc/14.2.1-1.1.1/.content/bin/../lib/gcc/arm-none-eabi/14.2.1/../../../../arm-none-eabi/lib/thumb/v7e-m+fp/softfp/libc_nano.a(libc_a-closer.o)

.ARM.attributes
                0x00000000       0x32
 .ARM.attributes
                0x00000000       0x32 CMakeFiles/stm32-min.elf.dir/modules/main.c.obj
 .ARM.attributes
                0x00000032       0x32 CMakeFiles/stm32-min.elf.dir/modules/system_stub.c.obj
 .ARM.attributes
                0x00000064       0x32 CMakeFiles/stm32-min.elf.dir/modules/retarget.c.obj
 .ARM.attributes
                0x00000096       0x32 CMakeFiles/stm32-min.elf.dir/modules/system_init.c.obj
 .ARM.attributes
                0x000000c8       0x25 CMakeFiles/stm32-min.elf.dir/startup/startup_stm32f446xx.s.obj
 .ARM.attributes
                0x000000ed       0x2a modules/i2c_lowlevel/libi2c_lowlevel.a(i2c_lowlevel.c.obj)
 .ARM.attributes
                0x00000117       0x2a modules/ens160/libens160.a(ens160.c.obj)
 .ARM.attributes
                0x00000141       0x2a modules/uart2/libuart2.a(uart2.c.obj)
 .ARM.attributes
                0x0000016b       0x32 /Users/wangjialong/Library/xPacks/@xpack-dev-tools/arm-none-eabi-gcc/14.2.1-1.1.1/.content/bin/../lib/gcc/arm-none-eabi/14.2.1/../../../../arm-none-eabi/lib/thumb/v7e-m+fp/softfp/libc_nano.a(libc_a-setvbuf.o)
 .ARM.attributes
                0x0000019d       0x32 /Users/wangjialong/Library/xPacks/@xpack-dev-tools/arm-none-eabi-gcc/14.2.1-1.1.1/.content/bin/../lib/gcc/arm-none-eabi/14.2.1/../../../../arm-none-eabi/lib/thumb/v7e-m+fp/softfp/libc_nano.a(libc_a-findfp.o)
 .ARM.attributes
                0x000001cf       0x32 /Users/wangjialong/Library/xPacks/@xpack-dev-tools/arm-none-eabi-gcc/14.2.1-1.1.1/.content/bin/../lib/gcc/arm-none-eabi/14.2.1/../../../../arm-none-eabi/lib/thumb/v7e-m+fp/softfp/libc_nano.a(libc_a-fwalk.o)
 .ARM.attributes
                0x00000201       0x32 /Users/wangjialong/Library/xPacks/@xpack-dev-tools/arm-none-eabi-gcc/14.2.1-1.1.1/.content/bin/../lib/gcc/arm-none-eabi/14.2.1/../../../../arm-none-eabi/lib/thumb/v7e-m+fp/softfp/libc_nano.a(libc_a-makebuf.o)
 .ARM.attributes
                0x00000233       0x32 /Users/wangjialong/Library/xPacks/@xpack-dev-tools/arm-none-eabi-gcc/14.2.1-1.1.1/.content/bin/../lib/gcc/arm-none-eabi/14.2.1/../../../../arm-none-eabi/lib/thumb/v7e-m+fp/softfp/libc_nano.a(libc_a-printf.o)
 .ARM.attributes
                0x00000265       0x32 /Users/wangjialong/Library/xPacks/@xpack-dev-tools/arm-none-eabi-gcc/14.2.1-1.1.1/.content/bin/../lib/gcc/arm-none-eabi/14.2.1/../../../../arm-none-eabi/lib/thumb/v7e-m+fp/softfp/libc_nano.a(libc_a-puts.o)
 .ARM.attributes
                0x00000297       0x32 /Users/wangjialong/Library/xPacks/@xpack-dev-tools/arm-none-eabi-gcc/14.2.1-1.1.1/.content/bin/../lib/gcc/arm-none-eabi/14.2.1/../../../../arm-none-eabi/lib/thumb/v7e-m+fp/softfp/libc_nano.a(libc_a-memset.o)
 .ARM.attributes
                0x000002c9       0x32 /Users/wangjialong/Library/xPacks/@xpack-dev-tools/arm-none-eabi-gcc/14.2.1-1.1.1/.content/bin/../lib/gcc/arm-none-eabi/14.2.1/../../../../arm-none-eabi/lib/thumb/v7e-m+fp/softfp/libc_nano.a(libc_a-isattyr.o)
 .ARM.attributes
                0x000002fb       0x32 /Users/wangjialong/Library/xPacks/@xpack-dev-tools/arm-none-eabi-gcc/14.2.1-1.1.1/.content/bin/../lib/gcc/arm-none-eabi/14.2.1/../../../../arm-none-eabi/lib/thumb/v7e-m+fp/softfp/libc_nano.a(libc_a-errno.o)
 .ARM.attributes
                0x0000032d       0x32 /Users/wangjialong/Library/xPacks/@xpack-dev-tools/arm-none-eabi-gcc/14.2.1-1.1.1/.content/bin/../lib/gcc/arm-none-eabi/14.2.1/../../../../arm-none-eabi/lib/thumb/v7e-m+fp/softfp/libc_nano.a(libc_a-lock.o)
 .ARM.attributes
                0x0000035f       0x32 /Users/wangjialong/Library/xPacks/@xpack-dev-tools/arm-none-eabi-gcc/14.2.1-1.1.1/.content/bin/../lib/gcc/arm-none-eabi/14.2.1/../../../../arm-none-eabi/lib/thumb/v7e-m+fp/softfp/libc_nano.a(libc_a-reent.o)
 .ARM.attributes
                0x00000391       0x32 /Users/wangjialong/Library/xPacks/@xpack-dev-tools/arm-none-eabi-gcc/14.2.1-1.1.1/.content/bin/../lib/gcc/arm-none-eabi/14.2.1/../../../../arm-none-eabi/lib/thumb/v7e-m+fp/softfp/libc_nano.a(libc_a-impure.o)
 .ARM.attributes
                0x000003c3       0x32 /Users/wangjialong/Library/xPacks/@xpack-dev-tools/arm-none-eabi-gcc/14.2.1-1.1.1/.content/bin/../lib/gcc/arm-none-eabi/14.2.1/../../../../arm-none-eabi/lib/thumb/v7e-m+fp/softfp/libc_nano.a(libc_a-fstatr.o)
 .ARM.attributes
                0x000003f5       0x32 /Users/wangjialong/Library/xPacks/@xpack-dev-tools/arm-none-eabi-gcc/14.2.1-1.1.1/.content/bin/../lib/gcc/arm-none-eabi/14.2.1/../../../../arm-none-eabi/lib/thumb/v7e-m+fp/softfp/libc_nano.a(libc_a-freer.o)
 .ARM.attributes
                0x00000427       0x32 /Users/wangjialong/Library/xPacks/@xpack-dev-tools/arm-none-eabi-gcc/14.2.1-1.1.1/.content/bin/../lib/gcc/arm-none-eabi/14.2.1/../../../../arm-none-eabi/lib/thumb/v7e-m+fp/softfp/libc_nano.a(libc_a-nano-vfprintf.o)
 .ARM.attributes
                0x00000459       0x32 /Users/wangjialong/Library/xPacks/@xpack-dev-tools/arm-none-eabi-gcc/14.2.1-1.1.1/.content/bin/../lib/gcc/arm-none-eabi/14.2.1/../../../../arm-none-eabi/lib/thumb/v7e-m+fp/softfp/libc_nano.a(libc_a-malloc.o)
 .ARM.attributes
                0x0000048b       0x32 /Users/wangjialong/Library/xPacks/@xpack-dev-tools/arm-none-eabi-gcc/14.2.1-1.1.1/.content/bin/../lib/gcc/arm-none-eabi/14.2.1/../../../../arm-none-eabi/lib/thumb/v7e-m+fp/softfp/libc_nano.a(libc_a-mallocr.o)
 .ARM.attributes
                0x000004bd       0x32 /Users/wangjialong/Library/xPacks/@xpack-dev-tools/arm-none-eabi-gcc/14.2.1-1.1.1/.content/bin/../lib/gcc/arm-none-eabi/14.2.1/../../../../arm-none-eabi/lib/thumb/v7e-m+fp/softfp/libc_nano.a(libc_a-nano-vfprintf_i.o)
 .ARM.attributes
                0x000004ef       0x32 /Users/wangjialong/Library/xPacks/@xpack-dev-tools/arm-none-eabi-gcc/14.2.1-1.1.1/.content/bin/../lib/gcc/arm-none-eabi/14.2.1/../../../../arm-none-eabi/lib/thumb/v7e-m+fp/softfp/libc_nano.a(libc_a-fflush.o)
 .ARM.attributes
                0x00000521       0x32 /Users/wangjialong/Library/xPacks/@xpack-dev-tools/arm-none-eabi-gcc/14.2.1-1.1.1/.content/bin/../lib/gcc/arm-none-eabi/14.2.1/../../../../arm-none-eabi/lib/thumb/v7e-m+fp/softfp/libc_nano.a(libc_a-mlock.o)
 .ARM.attributes
                0x00000553       0x32 /Users/wangjialong/Library/xPacks/@xpack-dev-tools/arm-none-eabi-gcc/14.2.1-1.1.1/.content/bin/../lib/gcc/arm-none-eabi/14.2.1/../../../../arm-none-eabi/lib/thumb/v7e-m+fp/softfp/libc_nano.a(libc_a-stdio.o)
 .ARM.attributes
                0x00000585       0x32 /Users/wangjialong/Library/xPacks/@xpack-dev-tools/arm-none-eabi-gcc/14.2.1-1.1.1/.content/bin/../lib/gcc/arm-none-eabi/14.2.1/../../../../arm-none-eabi/lib/thumb/v7e-m+fp/softfp/libc_nano.a(libc_a-wbuf.o)
 .ARM.attributes
                0x000005b7       0x32 /Users/wangjialong/Library/xPacks/@xpack-dev-tools/arm-none-eabi-gcc/14.2.1-1.1.1/.content/bin/../lib/gcc/arm-none-eabi/14.2.1/../../../../arm-none-eabi/lib/thumb/v7e-m+fp/softfp/libc_nano.a(libc_a-wsetup.o)
 .ARM.attributes
                0x000005e9       0x32 /Users/wangjialong/Library/xPacks/@xpack-dev-tools/arm-none-eabi-gcc/14.2.1-1.1.1/.content/bin/../lib/gcc/arm-none-eabi/14.2.1/../../../../arm-none-eabi/lib/thumb/v7e-m+fp/softfp/libc_nano.a(libc_a-lseekr.o)
 .ARM.attributes
                0x0000061b       0x32 /Users/wangjialong/Library/xPacks/@xpack-dev-tools/arm-none-eabi-gcc/14.2.1-1.1.1/.content/bin/../lib/gcc/arm-none-eabi/14.2.1/../../../../arm-none-eabi/lib/thumb/v7e-m+fp/softfp/libc_nano.a(libc_a-readr.o)
 .ARM.attributes
                0x0000064d       0x32 /Users/wangjialong/Library/xPacks/@xpack-dev-tools/arm-none-eabi-gcc/14.2.1-1.1.1/.content/bin/../lib/gcc/arm-none-eabi/14.2.1/../../../../arm-none-eabi/lib/thumb/v7e-m+fp/softfp/libc_nano.a(libc_a-sbrkr.o)
 .ARM.attributes
                0x0000067f       0x32 /Users/wangjialong/Library/xPacks/@xpack-dev-tools/arm-none-eabi-gcc/14.2.1-1.1.1/.content/bin/../lib/gcc/arm-none-eabi/14.2.1/../../../../arm-none-eabi/lib/thumb/v7e-m+fp/softfp/libc_nano.a(libc_a-writer.o)
 .ARM.attributes
                0x000006b1       0x32 /Users/wangjialong/Library/xPacks/@xpack-dev-tools/arm-none-eabi-gcc/14.2.1-1.1.1/.content/bin/../lib/gcc/arm-none-eabi/14.2.1/../../../../arm-none-eabi/lib/thumb/v7e-m+fp/softfp/libc_nano.a(libc_a-closer.o)
 .ARM.attributes
                0x000006e3       0x1c /Users/wangjialong/Library/xPacks/@xpack-dev-tools/arm-none-eabi-gcc/14.2.1-1.1.1/.content/bin/../lib/gcc/arm-none-eabi/14.2.1/../../../../arm-none-eabi/lib/thumb/v7e-m+fp/softfp/libc_nano.a(libc_a-memchr.o)

.debug_frame    0x00000000      0x134
 .debug_frame   0x00000000       0x28 CMakeFiles/stm32-min.elf.dir/modules/main.c.obj
 .debug_frame   0x00000028       0xc0 CMakeFiles/stm32-min.elf.dir/modules/system_stub.c.obj
 .debug_frame   0x000000e8       0x2c CMakeFiles/stm32-min.elf.dir/modules/retarget.c.obj
 .debug_frame   0x00000114       0x20 CMakeFiles/stm32-min.elf.dir/modules/system_init.c.obj

.debug_loclists
                0x00000000      0x22e
 .debug_loclists
                0x00000000      0x1a6 CMakeFiles/stm32-min.elf.dir/modules/system_stub.c.obj
 .debug_loclists
                0x000001a6       0x88 CMakeFiles/stm32-min.elf.dir/modules/retarget.c.obj

.debug_line_str
                0x00000000       0x92
 .debug_line_str
                0x00000000       0x92 CMakeFiles/stm32-min.elf.dir/startup/startup_stm32f446xx.s.obj
